rc=0
=== STDOUT ===
Looking at this task, I need to optimize a sigmoid pyasc asc2 kernel. Let me analyze the constraints carefully.

Key observations from the timing table and rules:
- All cases have ≥1M elements, so at TILE=4096 every case still has ≥244 tiles → 72 cores fully used (no parallelism starvation, no narrow-tile variant needed)
- Current TILE=2048; the prompt explicitly suggests checking TILE=4096 fits UB
- The f32 path with identity casts is the UB-tight one (7 f32 temps = 229,376 bytes, ~10% margin). Splitting out an f32 kernel that skips the no-op casts drops it to ~5 temps (163,840 bytes, huge margin) while the f16/bf16 cast kernel stays at ~7 temps but 2 of those are 2-byte tiles (196,608 bytes, comfortable)
- `asc2.exp` on an f32 tile is exactly what the current code already does (xf is f32), so the no-cast f32 path isn't a new API pattern

Let me verify the math on UB budget and write the file.
Both paths fit comfortably even allowing a hidden temp, and the smallest case uses all 72 cores. Writing the file.
Syntax passes.

DONE. Summary of changes to `candidate.py`:

1. **TILE 2048 → 4096** — the main lever; halves per-tile DMA/loop-setup overhead for this short-op chain. UB budget verified to fit for both paths (even tolerating one hidden temporary).
2. **Two-kernel dtype dispatch** — `_sigmoid_kernel_f32` (float32, skips the no-op `.to(asc.float32)` identity casts → ~5 f32 temporaries, large UB headroom) and `_sigmoid_kernel_cast` (float16/bfloat16, keeps the proven f32-promotion path). `asc2.exp` on an f32 tile is exactly what the original already does, so the f32 path introduces no new API pattern.
3. **Math unchanged** — still the cancellation-free `1/(1+exp(-x))` with IEEE saturation, so 100% accuracy is preserved.
4. **No narrow-tile variant** — every case has ≥1M elements (≥245 tiles at TILE=4096), so all 72 cores are always active; no parallelism starvation to recover. `unroll_factor=2` and the grid-stride launch pattern are kept verbatim.

=== STDERR ===
[0m
> build · glm-5.2
[0m
[0m$ [0mpython3 -c "
# f32 path (no cast): x, neg, exp, sum, y = 5 f32 temps
f32 = 5 * 4 * 4096 * 2
print('f32 path UB:', f32, 'budget 253952 ->', 'OK' if f32 <= 253952 else 'OVERFLOW')
# cast path (f16/bf16): x(f2), xf, neg, exp, sum, y (5 f32), yo(f2)
cast = 5*4*4096*2 + 2*2*4096*2
print('cast path UB:', cast, 'budget 253952 ->', 'OK' if cast <= 253952 else 'OVERFLOW')
# worst case extra hidden temp
print('f32 +1 hidden:', f32 + 4*4096*2, '->', 'OK' if f32 + 4*4096*2 <= 253952 else 'OVERFLOW')
print('cast +1 hidden:', cast + 4*4096*2, '->', 'OK' if cast + 4*4096*2 <= 253952 else 'OVERFLOW')
# smallest case tiles at 4096
for numel in [1094673, 1048576, 1000003]:
    print(numel, '-> tiles', (numel+4095)//4096, 'cores', min(72,(numel+4095)//4096))
"

f32 path UB: 163840 budget 253952 -> OK
cast path UB: 196608 budget 253952 -> OK
f32 +1 hidden: 196608 -> OK
cast +1 hidden: 229376 -> OK
1094673 -> tiles 268 cores 72
1048576 -> tiles 256 cores 72
1000003 -> tiles 245 cores 72
[0m
[0m← [0mWrite /home/aloschilov/workspace/pyasc-skill-stack/integrations/cannbench/workers/candidate.py
Wrote file successfully.
[0m
[0m$ [0mpython3 -m py_compile candidate.py && echo "SYNTAX OK"
SYNTAX OK
[0m

