rc=0
=== STDOUT ===
Looking at this task, I need to implement a `MaskedScale` operator (`y = x * mask * scale`) as a pyasc asc2 JIT kernel. Let me analyze the key challenges:

1. **Mask dtype handling**: int8/uint8 need f16 hop before f32; float masks can cast directly
2. **uint8 reinterpretation**: host views as int8, kernel fixes with +256
3. **Codegen bug**: avoid scalar literals with f16/bf16 tiles — do all arithmetic in f32
4. **UB budget**: uint8 path has extra `where` temporaries — use smaller tile

Let me write the file:
Syntax check passed. The `candidate.py` module is complete:

- **Kernel**: grid-stride tile loop with `unroll_factor=2`, promotes x and mask to f32, computes `y = (xf * mf) * scale`, casts back to x dtype
- **int8 masks** (mask_kind=0): int8 → f16 hop → f32 (avoids the int8 vector-op failure)
- **uint8 masks** (mask_kind=1): host reinterprets as int8 via `.view(torch.int8)`, kernel applies +256 fixup with `asc2.where(mf < 0.0, mf + 256.0, mf)`
- **float masks** (mask_kind=2/3/4): direct `.to(asc.float32)` cast
- **ConstExpr branching** on `mask_kind` ensures only the relevant code path is compiled per specialization (avoids the f16/bf16 scalar-literal codegen bug)
- **Tile sizing**: 3072 for non-uint8 (short chain), 2048 for uint8 (extra `where` temporaries), 1024 narrow fallback — all within UB budget
- All arithmetic in f32 with scalars on the right; IEEE inf/nan propagates correctly through hardware mul

DONE

=== STDERR ===
[0m
> build · glm-5.2
[0m
[0m✗ [0mInvalid Tool
The arguments provided to the tool are invalid: Invalid input for tool write: JSON parsing failed: Text: {"filePath": "/tmp/cbworkers/20260828_234415/masked_scale-generate/candidate.py", "content": "\"\"\"CANN Bench MaskedScale interface implemented as a pyasc asc2 kernel.\n\nKernel design (grid-stride, elementwise):\n  - 1-D flatten; each block strides over tiles so any element count works.\n  - Tail tiles handled with real_shape loads/stores (no host padding).\n  - x and mask promoted to f32 for computation; output cast to x dtype.\n  - int8/uint8 masks: int8 -> f16 hop -> f32 (int8 tiles reject direct casts);\n    uint8 masks are reinterpreted as int8 on the host and corrected in-kernel\n    with a +256 fixup for negative (>=128 original) bytes.\n  - float16/bf16/f32 masks: direct .to(f32) cast.\n  - Host selects tile size: 3072 for short chains (non-uint8), 2048 for\n    uint8 (extra where temporaries keep UB under budget).\n\"\"\"\n\nimport torch\n\nimport asc\nimport asc2\n\nfrom ._pyasc_runtime import ensure_npu_platform\n\n_WIDE_TILE = 3072\n_UINT8_TILE = 2048\n_NARROW_TILE = 1024\n_MAX_CORES = 72\n\n\n@asc2.jit\ndef _masked_scale_kernel(\n    x_ptr: asc.GlobalAddress,\n    mask_ptr: asc.GlobalAddress,\n    out_ptr: asc.GlobalAddress,\n    size: int,\n    num_tiles: int,\n    scale: float,\n    tile_size: asc.ConstExpr[int],\n    mask_kind: asc.ConstExpr[int],\n):\n    x_gm = asc2.global_tensor(x_ptr, [size])\n    mask_gm = asc2.global_tensor(mask_ptr, [size])\n    out_gm = asc2.global_tensor(out_ptr, [size])\n    for t in asc2.range(asc2.block_idx(), num_tiles, asc2.block_num(),\n                        unroll_factor=2):\n        off = t * tile_size\n        n = tile_size if off + tile_size <= size else size - off\n        x = asc2.copy_in(x_gm, [off], [tile_size], real_shape=[n])\n        xf = x.to(asc.float32)\n        m = asc2.copy_in(mask_gm, [off], [tile_size], real_shape=[n])\n        if mask_kind == 0:\n            mh = asc2.cast(m, asc.float16)\n            mf = mh.to(asc.float32)\n        elif mask_kind == 1:\n            mh = asc2.cast(m, asc.float16)\n            mf = mh.to(asc.float32)\n            mf = asc2.where(mf < 0.0, mf + 256.0, mf)\n        else:\n            mf = m.to(asc.float32)\n        y = (xf * mf) * scale\n        asc2.copy_out(y.to(x.dtype), out_gm, [off], real_shape=[n])\n\n\ndef masked_scale(\n    x: torch.Tensor, mask: torch.Tensor, scale: float = 1.0\n) -> torch.Tensor:\n    \"\"\"Element-wise masked scale: y = x * mask * scale, via asc2 kernel.\"\"\"\n    ensure_npu_platform()\n    if not x.is_contiguous():\n        x = x.contiguous()\n    if not mask.is_contiguous():\n        mask = mask.contiguous()\n    out = torch.empty_like(x)\n    size = x.numel()\n    if size == 0:\n        return out\n\n    md = mask.dtype\n    if md == torch.uint8:\n        mask = mask.view(torch.int8)\n        mask_kind = 1\n        wide = _UINT8_TILE\n    elif md == torch.int8:\n        mask_kind = 0\n        wide = _WIDE_TILE\n    elif md == torch.float16:\n        mask_kind = 2\n        wide = _WIDE_TILE\n    elif md == torch.bfloat16:\n        mask_kind = 3\n        wide = _WIDE_TILE\n    else:\n        mask_kind = 4\n        wide = _WIDE_TILE\n\n    if size >= _MAX_CORES * wide:\n        num_tiles = asc.ceildiv(size, wide)\n        cores = min(_MAX_CORES, num_tiles.
Error message: JSON Parse error: Unterminated string
[0m
[0m← [0mWrite candidate.py
Wrote file successfully.
[0m
[0m$ [0mpython3 -m py_compile candidate.py && echo "SYNTAX OK"
SYNTAX OK
[0m

