rc=0
=== STDOUT ===
Let me analyze the two issues:

1. **Case 3 compile failure** (bf16 x, f16 mask): My original code used Python `if/else` with `ConstExpr` inside the `@asc2.jit` kernel. The JIT likely traces both branches, and the bf16 x + f16 mask combination generates bad CCE code when the int8 branch (`asc2.cast(m, asc.float16)`) is also traced on a float16 tile.

2. **Poor uint8 performance** (cases 2, 6, 10, 15, 17 all < 1.0x): TILE=1024 for uint8 was too conservative. All slow cases are uint8 masks.

Let me read the current file and fix both issues:

=== STDERR ===
[0m
> build · glm-5.2
[0m
[0m✗ [0mRead candidate.py failed
[91m[1mError: [0mFile not found: /tmp/cbworkers/20260828_222246/masked_scale-generate/candidate.py
[0m
[0m$ [0mls -la /tmp/cbworkers/20260828_222246/masked_scale-generate/ 2>/dev/null || echo "Directory not found"; find /tmp/cbworkers -name "candidate.py" 2>/dev/null; pwd
total 12
drwxrwxr-x 3 aloschilov aloschilov 4096 Aug 28 22:39 .
drwxrwxr-x 4 aloschilov aloschilov 4096 Aug 28 22:22 ..
drwxrwxr-x 2 aloschilov aloschilov 4096 Aug 28 22:28 __pycache__
/tmp/cbworkers/20260828_195630/swi_glu-generate/candidate.py
/tmp/cbworkers/20260828_195630/masked_scale-generate/candidate.py
/tmp/cbworkers/20260828_195630/gelu-tune/candidate.py
/tmp/cbworkers/20260828_195630/foreach_norm-generate/candidate.py
/tmp/cbworkers/20260828_195630/foreach_addcdiv_scalar-generate/candidate.py
/tmp/cbworkers/20260828_180653/mish-tune/candidate.py
/tmp/cbworkers/20260828_180653/exp-tune/candidate.py
/tmp/cbworkers/20260828_180653/sigmoid-tune/candidate.py
/tmp/cbworkers/20260828_175230/sigmoid-tune/candidate.py
/tmp/cbworkers/20260828_222246/swi_glu-generate/candidate.py
/tmp/cbworkers/20260828_222246/masked_scale-generate
[0m
[93m[1m! [0mpermission requested: external_directory (/tmp/cbworkers/20260828_195630/masked_scale-generate/*); auto-rejecting
[0m✗ [0mls -la /tmp/cbworkers/20260828_222246/masked_scale-generate/__pycache__/; cat /tmp/cbworkers/20260828_195630/masked_scale-generate/candidate.py 2>/dev/null | head -5 failed
[91m[1mError: [0mThe user rejected permission to use this specific tool call.

