rc=0
=== STDOUT ===
The error is at `x_gm = asc2.global_tensor(x_ptr, [size])` — the JIT parser is failing on my multi-line function signatures with trailing commas (`):` on its own line). The sigmoid reference uses compact 2-line signatures with no trailing comma. Let me fix all kernel signatures and also replace the `576` literal with a runtime int parameter.
The file was deleted. Let me write the corrected version — compact signatures matching the sigmoid reference style (no trailing comma, `:` at end of last param line), and `576` replaced with a runtime `sc_size: int` parameter.
Syntax passes. Key fixes applied:

1. **Function signatures**: compact 2-3 line format with `:` at end of last param line — no trailing comma, no `):` on separate line (matching sigmoid reference exactly)
2. **`576` literal → `sc_size: int` parameter**: all partial kernels now take `sc_size` as a runtime int, avoiding bare literals in `global_tensor`
3. **`for` loop**: compact 2-line format matching sigmoid reference
4. **`copy_out` in `_final_max`**: single line

DONE.

=== STDERR ===
[0m
> build · glm-5.2
[0m
[0m✗ [0mRead candidate.py failed
[91m[1mError: [0mFile not found: /tmp/cbworkers/20260828_195630/foreach_norm-generate/candidate.py
[0m
[0m$ [0mls -la /tmp/cbworkers/20260828_195630/foreach_norm-generate/
total 12
drwxrwxr-x 3 aloschilov aloschilov 4096 Aug 28 21:45 .
drwxrwxr-x 7 aloschilov aloschilov 4096 Aug 28 21:12 ..
drwxrwxr-x 2 aloschilov aloschilov 4096 Aug 28 21:38 __pycache__
[0m
[0m← [0mWrite candidate.py
Wrote file successfully.
[0m
[0m$ [0mpython3 -m py_compile candidate.py && echo "SYNTAX OK"
SYNTAX OK
[0m

