rc=0
=== STDOUT ===
Looking at the operator spec and reference module, I need to implement `ForeachAddcdivScalar` — a host loop over tensor triples, each launching an elementwise `y = x1 + (x2 / x3) * scalar` kernel.

Let me analyze the key design decisions:

1. **UB budget**: 3 input loads (original dtype) + 3 f32 casts + div + mul + add + output cast ≈ 10 visible tiles. At TILE=2048 with unroll=2 and 1.6x factor: ~207KB < 254KB budget. Safe.
2. **Numerical stability**: f16/bf16 promoted to f32 internally (division is precision-sensitive). IEEE inf/nan propagates through hardware ops.
3. **Scalar on RIGHT** of tile arithmetic per contract rules.
Syntax OK. The module is complete:

- **Kernel**: Grid-stride tile loop with 3 input loads, f32 promotion for f16/bf16 (division precision), `y = x1f + (x2f / x3f) * scalar` with scalar on the right, tail handling via `real_shape`.
- **UB budget**: ~10 visible tiles at TILE=2048 × unroll 2 × 1.6x ≈ 207KB < 254KB — safe.
- **Host**: Loops over the tensor list, one kernel launch per triple, `torch.empty_like` output, `ensure_npu_platform()` first.
- **IEEE**: inf/nan scalar and extreme inputs propagate through hardware ops with no host special-casing.
- **No forbidden torch ops** — only `empty_like`, `is_contiguous`, `contiguous`, `numel`.

DONE

=== STDERR ===
[0m
> build · glm-5.2
[0m
[0m← [0mWrite candidate.py
Wrote file successfully.
[0m
[0m$ [0mpython3 -m py_compile candidate.py && echo "Syntax OK"
Syntax OK
[0m

