rc=0
=== STDOUT ===
I'll analyze this carefully. First, let me check the available pyasc skills and the codebase for API patterns (especially whether `asc2.where` accepts scalar args, which is critical to my optimization strategy).
Let me look at the sibling candidate files (sigmoid, exp) for proven patterns, and check the `where` scalar-arg question and UB budget rules more.

=== STDERR ===
[0m
> build · glm-5.2
[0m
[0m$ [0mls -la /tmp/cbworkers/20260828_180653/mish-tune/ 2>/dev/null; echo "---"; ls /tmp/cbworkers/20260828_180653/ 2>/dev/null
total 8
drwxrwxr-x 2 aloschilov aloschilov 4096 Aug 28 18:36 .
drwxrwxr-x 5 aloschilov aloschilov 4096 Aug 28 18:36 ..
---
exp-tune
mish-tune
sigmoid-tune
[0m
[0m$ [0mls -la /tmp/cbworkers/20260828_180653/exp-tune/ /tmp/cbworkers/20260828_180653/sigmoid-tune/ 2>/dev/null
/tmp/cbworkers/20260828_180653/exp-tune/:
total 16
drwxrwxr-x 3 aloschilov aloschilov 4096 Aug 28 18:16 .
drwxrwxr-x 5 aloschilov aloschilov 4096 Aug 28 18:36 ..
-rw-rw-r-- 1 aloschilov aloschilov 2655 Aug 28 18:16 candidate.py
drwxrwxr-x 2 aloschilov aloschilov 4096 Aug 28 18:16 __pycache__

/tmp/cbworkers/20260828_180653/sigmoid-tune/:
total 16
drwxrwxr-x 3 aloschilov aloschilov 4096 Aug 28 18:17 .
drwxrwxr-x 5 aloschilov aloschilov 4096 Aug 28 18:36 ..
-rw-rw-r-- 1 aloschilov aloschilov 2269 Aug 28 18:17 candidate.py
drwxrwxr-x 2 aloschilov aloschilov 4096 Aug 28 18:17 __pycache__
[0m
[0m→ [0mRead /home/aloschilov/.config/opencode/skills/pyasc-api-patterns/SKILL.md
[93m[1m! [0mpermission requested: external_directory (/tmp/cbworkers/20260828_180653/sigmoid-tune/*); auto-rejecting
[0m✗ [0mRead /tmp/cbworkers/20260828_180653/sigmoid-tune/candidate.py failed
[91m[1mError: [0mThe user rejected permission to use this specific tool call.
[93m[1m! [0mpermission requested: external_directory (/tmp/cbworkers/20260828_180653/exp-tune/*); auto-rejecting
[0m✗ [0mRead /tmp/cbworkers/20260828_180653/exp-tune/candidate.py failed
[91m[1mError: [0mThe user rejected permission to use this specific tool call.
[0m→ [0mRead /home/aloschilov/.config/opencode/skills/pyasc-api-patterns/SKILL.md[90m [offset=1024][0m

