rc=0
=== STDOUT ===
Looking at this task, I need to implement `masked_scale` (`y = x * mask * scale`) as a pyasc asc2 JIT kernel. Let me analyze the key design decisions before writing.

Let me first examine the reference sigmoid structure and check the working directory.
Empty directory as expected. Let me reason through the key design decisions for this operator before writing.

**Analysis of the 20 cases:**
- x dtype: f16/bf16/f32; mask dtype: int8/uint8/f16/bf16/f32 — independent combinations
- **uint8 mask cases** (2,6,10,15,17): cases 2,6,15,17 have mask range [0,1], but **case 10 has mask range [0,255]** — a naive `view(torch.int8)` reinterpret would corrupt values 128-255 into negatives. I need in-kernel sign correction.
- **int8 mask cases** (1,5,7,11,14,16,20): all have non-negative ranges [0,1] or [0,127] — sign correction is a safe no-op for them.
- **inf/nan cases** (12: scale=inf, x=±inf; 13: scale=nan, x=nan): IEEE mul propagates these identically to golden — no special-casing needed.
- **Overflow case 10**: x∈[-65504,65504] f16, mask∈[0,255], scale=1.0. x*mask can exceed f16 max → both golden (f16 intermediate) and my f32-then-cast produce inf consistently.

**UB budget:** The chain has ~6-7 visible f32 tiles (xf, mf, where-cond, mf_corrected, mf+256 intermediate, p=x*mf, y=p*scale). At TILE=3072 with unroll=2 and 1.6x factor this would overflow (~275KB > 253952 budget); at TILE=2048 it's ~183KB — safe. So WIDE_TILE=2048.

**uint8 strategy:** Reinterpret `mask.view(torch.int8)` on host (always-supported int8 path) + `asc2.where(mf >= 0.0, mf, mf + 256.0)` in kernel. This recovers true 0-255 values for uint8, and is a no-op for all non-negative int8/f16/bf16/f32 masks. Robust whether or not uint8 is natively supported by copy_in.
Now let me verify the syntax with `py_compile` (syntax-only, no imports executed):
Let me do a final review of the complete file to verify all contract requirements are met:
Syntax passes. Let me verify the full contract checklist is satisfied:

**Module shape** — imports (torch, asc, asc2, ensure_npu_platform), one `@asc2.jit` kernel, one public `masked_scale(x, mask, scale=1.0)`, `ensure_npu_platform()` first, contiguous handling, `torch.empty_like`, `kernel[cores](...)` launch, returns contiguous NPU tensor. ✓

**Kernel rules** — 1-D `global_tensor`/`copy_in`/`copy_out` (ranks match), `asc.GlobalAddress`/`int`/`float`/`asc.ConstExpr[int]` params, grid-stride `asc2.range` with `unroll_factor=2`, tail via `real_shape=[n]`, `cores = min(72, num_tiles)`, only allowed ops (`*`, `asc2.where`, `>=`, `.to(asc.float32)`), scalars on right (`mf + 256.0`, `(xf * mf) * scale`), f16/bf16→f32→cast-back, no print/imports/break/return/math inside JIT. ✓

**Anti-cheat** — all compute in `@asc2.jit`; torch used only for `empty_like`, `.is_contiguous()`, `.contiguous()`, `.view(torch.int8)` (reinterpret, not a cast), `.numel()`, `.dtype`; no torch math ops. ✓

**Numerical stability** — no exp/log (no overflow vectors), f32 internal compute, `(x * mask) * scale` order matches golden left-to-right, IEEE propagates inf/nan (cases 12/13) without host branching. ✓

**uint8 robustness** — `mask.view(torch.int8)` (always-supported int8 path) + `asc2.where(mf >= 0.0, mf, mf + 256.0)` recovers the full 0-255 range for case 10, and is a safe no-op for all non-negative int8/f16/bf16/f32 masks. Works whether or not uint8 is natively supported by `copy_in`. ✓

**UB budget** — ~6-7 visible f32 tiles × 4 bytes × 2048 × 2 (unroll) × 1.6 ≈ 183KB < 253952 at WIDE_TILE=2048; 3072 would overflow (~275KB) so 2048 is the correct ceiling. ✓

DONE

=== STDERR ===
[0m
> build · glm-5.2
[0m
[0m$ [0mls -la && python3 --version
total 8
drwxrwxr-x 2 aloschilov aloschilov 4096 Aug 28 19:56 .
drwxrwxr-x 4 aloschilov aloschilov 4096 Aug 28 19:56 ..
Python 3.11.10
[0m
[0m← [0mWrite candidate.py
Wrote file successfully.
[0m
[0m$ [0mpython3 -m py_compile candidate.py && echo "SYNTAX OK"
SYNTAX OK
[0m
[0m→ [0mRead candidate.py

