rc=0
=== STDOUT ===
Looking at this task, I need to optimize a sigmoid kernel for Ascend 950PR. Let me analyze the situation:

**Key observations from the timing table:**
- Average speedup 0.737x, far from leaders (1.0-3.4x)
- Large cases (3, 4, 9) are 0.47-0.61x — far from `t_hw_us`, so bandwidth/DMA-efficiency limited
- bf16 cases are slowest (small DMA chunks at TILE=2048 = 4KB)
- All cases have ≥488 tiles → all 72 cores are used (parallelism is NOT the bottleneck)

**The main lever:** TILE=2048 is conservatively small. The hint #5 explicitly says to check TILE=4096. Wider tiles give bigger DMA chunks (better bandwidth utilization) and fewer loop iterations.

**UB budget check for TILE=4096:**
With proper live-range tracking, sigmoid's peak simultaneously-live f32 temps ≈ 4 (xf, exp_result, plus1, div_result). Budget: `4 * 4 * 4096 * 2 (unroll) = 131KB` + bf16 in/out buffers (`2 * 2 * 4096 * 2 * 2 = 33KB`) ≈ 164KB, well under the 254KB limit. Even at peak 6 temps it's ~197KB — fits. Only overflows at ≥8 simultaneous temps, implausible for this short chain.

**Why not go wider (6144/8192)?** At 6144, overflow occurs at peak-5 temps; at 8192, at peak-4. Too risky — a UB overflow zeros ALL cases (compile/launch fails). TILE=4096 is safe across a wide range of temp counts (≤7), giving a clean 2x DMA chunk improvement with strong safety margin.

**Keeping the math:** `1/(exp(-x)+1)` uses only ONE exp (minimal temps) and passes 30/30 accuracy via IEEE saturation. The cancellation-free alternative uses TWO exps — worse for UB and compute. Keep current math.

Let me verify the small cases still fully use cores at TILE=4096: smallest case (sigmoid_12: 1000003 elems) → 245 tiles > 72. All good.
Empty directory. Writing the candidate module — identical to the original except `_TILE = 2048 → 4096` (the key optimization, safely within UB budget):
Syntax check (the only verification available without NPU):
Syntax is clean.

**Summary of the change:** `_TILE = 2048 → 4096` — the single highest-value, lowest-risk lever for this op.

- **Why it helps:** sigmoid's chain is short (peak ~4 live f32 temps), so a 4096-wide tile fits the ~254KB UB budget with ~90KB headroom (130–163KB used, depending on temp count; safe up to peak-7 temps). It doubles the DMA chunk size (f32: 8→16KB, bf16: 4→8KB), directly attacking the bandwidth under-utilization that left the large/bf16 cases at 0.47–0.65x (far below `t_hw_us`).
- **Why it's safe:** All 20 cases still saturate all 72 cores (smallest = 245 tiles at TILE=4096). Math is byte-for-byte unchanged (`1/(exp(-x)+1)`, one exp, IEEE-saturated), so accuracy stays 30/30. `unroll_factor=2` and the grid-stride tail handling are preserved. Conservative on UB — avoids the 6144/8192 territory that would zero the submission if the compiler materializes ≥5 live temps.

Expected: large bf16/f16 cases (3, 4, 9, 20) gain the most (~1.3–1.5x), small launch-overhead-bound cases gain modestly, lifting the average from 0.737x toward ~0.95–1.05x.

DONE

=== STDERR ===
[0m
> build · glm-5.2
[0m
[0m→ [0mRead .
[0m
[0m← [0mWrite candidate.py
Wrote file successfully.
[0m
[0m$ [0mpython3 -m py_compile /tmp/cbworkers/20260828_175230/sigmoid-tune/candidate.py && echo "SYNTAX OK"
SYNTAX OK
[0m

