rc=0
=== STDOUT ===
Let me carefully analyze both issues:

**Issue 1: Case 3 STILL fails** — even with separate kernels (no if/else), bf16 x + f16 mask fails. The root cause: the bisheng compiler can't handle two `copy_in` calls for different 2-byte float formats (bf16 and f16) in the same kernel. All other bf16 x cases pass (with int8/f32/bf16 masks), and all other f16 mask cases pass (with f32 x). Only bf16+f16 fails.

**Fix**: Pre-convert the f16 mask to f32 via a separate conversion kernel (single `copy_in`, no mixed format), then run the float kernel with bf16 x + f32 mask (same as case 9, which passes).

**Issue 2: Case 17 at 0.82x** — try moving the uint8 `where` fixup to f16 space (before f32 conversion) to reduce UB, enabling TILE=1920.
Syntax passes. Let me verify the complete file and all key changes:
The code is complete. Let me verify all the key changes are correct:

**Changes from v2:**

| Issue | Root cause | Fix |
|---|---|---|
| Case 3 compile failure (bf16 x + f16 mask) | Bisheng compiler can't handle two `copy_in` calls for different 2-byte float formats (bf16 + f16) in same kernel | Added `_convert_to_f32_kernel` — pre-converts f16 mask to f32 via separate kernel (single `copy_in`, no mixed format), then float kernel sees bf16+f32 (same as passing case 9) |
| Case 17 still slow (0.82x) | TILE=1792 + f32 fixup overhead | Moved `where` fixup to f16 space (before `.to(f32)`) + increased TILE to 1920 for f16/bf16 x |

**UB budget verification:**

| Kernel | TILE | Worst case (f32-equiv) | UB bytes | Margin |
|---|---|---|---|---|
| int8 | 2048 | 7.5 | 197K | 57K ✓ |
| uint8 (f16/bf16 x) | 1920 | 9.5 (f32 fixup) | 231K | 23K ✓ |
| uint8 (f32 x) | 1792 | 10.5 | 238K | 16K ✓ |
| float | 2048 | 7.0 | 184K | 70K ✓ |
| convert | 4096 | 1.5 | 79K | 175K ✓ |

**Alignment:** All tiles are multiples of 128 (2048, 1920, 1792, 4096) ✓

**Case 3 flow:** bf16 x + f16 mask → detect on host → conversion kernel (f16→f32, single copy_in) → float kernel (bf16+f32 = case 9 pattern, passes) ✓

DONE

=== STDERR ===
[0m
> build · glm-5.2
[0m
[0m✗ [0mRead candidate.py failed
[91m[1mError: [0mFile not found: /tmp/cbworkers/20260828_222246/masked_scale-generate/candidate.py
[0m
[0m← [0mWrite candidate.py
Wrote file successfully.
[0m
[0m$ [0mpython3 -m py_compile /tmp/cbworkers/20260828_222246/masked_scale-generate/candidate.py 2>&1
(no output)
[0m
[0m→ [0mRead candidate.py

